"À" = "/data/aa/aa.lst"
"Á" = "/data/bb/bb.lst"
"Â" = "/data/vv/vv.lst"
"Ã" = "/data/gg/gg.lst"
"Ä" = "/data/dd/dd.lst"
"È" = "/data/ii/ii.lst"
"Ê" = "/data/kk/kk.lst"
"Ë" = "/data/ll/ll.lst"
"Ì" = "/data/mm/mm.lst"
"Í" = "/data/nn/nn.lst"
"Î" = "/data/oo/oo.lst"
"Ï" = "/data/pp/pp.lst"
"Ğ" = "/data/rr/rr.lst"
"Ñ" = "/data/ss/ss.lst" 
"Ò" = "/data/tt/tt.lst"
"Ó" = "/data/yy/yy.lst"
"Ô" = "/data/ff/ff.lst"
"Õ" = "/data/hh/hh.lst"
"×" = "/data/ch/ch.lst"
"Ø" = "/data/sh/sh.lst"
"İ" = "/data/ie/ie.lst"
"Ş" = "/data/yu/yu.lst"
"ß" = "/data/ya/ya.lst"
"A" = "/data/a/a.lst"
"B" = "/data/b/b.lst" 
"Ñ" = "/data/c/c.lst"
"D" = "/data/d/d.lst"
"E" = "/data/e/e.lst"
"F" = "/data/f/f.lst"
"H" = "/data/h/h.lst"
"I" = "/data/i/i.lst"
"J" = "/data/j/j.lst"
"K" = "/data/k/k.lst"
"L" = "/data/l/l.lst"
"M" = "/data/m/m.lst"
"O" = "/data/o/o.lst"
"P" = "/data/p/p.lst"
"Q" = "/data/q/q.lst"
"R" = "/data/r/r.lst"
"S" = "/data/s/s.lst"
"T" = "/data/t/t.lst"
"U" = "/data/u/u.lst"
"V" = "/data/v/v.lst"
"W" = "/data/w/w.lst"
"X" = "/data/x/x.lst"







